warning: unused import: `std::os::raw::c_char`
 --> emane-core/src/control_port.rs:6:5
  |
6 | use std::os::raw::c_char;
  |     ^^^^^^^^^^^^^^^^^^^^
  |
  = note: `#[warn(unused_imports)]` (part of `#[warn(unused)]`) on by default

warning: unused import: `std::os::raw::c_void`
 --> emane-core/src/events.rs:3:5
  |
3 | use std::os::raw::c_void;
  |     ^^^^^^^^^^^^^^^^^^^^

warning: unused import: `CString`
 --> emane-core/src/config.rs:4:22
  |
4 | use std::ffi::{CStr, CString};
  |                      ^^^^^^^

warning: unused import: `emane_rs_regex_free`
 --> emane-core/src/config.rs:5:44
  |
5 | use crate::regex::{emane_rs_regex_compile, emane_rs_regex_free, emane_rs_...
  |                                            ^^^^^^^^^^^^^^^^^^^

warning: unused import: `HashSet`
 --> emane-core/src/buildid.rs:1:33
  |
1 | use std::collections::{HashMap, HashSet};
  |                                 ^^^^^^^

warning: unused import: `HashSet`
 --> emane-core/src/event_service.rs:1:33
  |
1 | use std::collections::{HashMap, HashSet};
  |                                 ^^^^^^^

warning: unused import: `c_int`
 --> emane-core/src/ota_manager.rs:4:36
  |
4 | use std::os::raw::{c_void, c_char, c_int};
  |                                    ^^^^^

warning: unused import: `c_ushort`
  --> emane-core/src/ota_manager.rs:11:61
   |
11 | use libc::{c_uint, setsockopt, SOL_SOCKET, SO_BINDTODEVICE, c_ushort};
   |                                                             ^^^^^^^^

warning: unused import: `std::time::Duration`
 --> emane-core/src/tdma_mac.rs:1:5
  |
1 | use std::time::Duration;
  |     ^^^^^^^^^^^^^^^^^^^

warning: unused import: `crate::nem_layer_stack::NemLayerStack`
 --> emane-core/src/nem_impl.rs:2:5
  |
2 | use crate::nem_layer_stack::NemLayerStack;
  |     ^^^^^^^^^^^^^^^^^^^^^^^^^^^^^^^^^^^^^

warning: unused import: `c_void`
 --> emane-core/src/spectral_mask.rs:4:28
  |
4 | use std::os::raw::{c_char, c_void};
  |                            ^^^^^^

warning: unused import: `c_void`
 --> emane-core/src/antenna.rs:4:28
  |
4 | use std::os::raw::{c_char, c_void};
  |                            ^^^^^^

warning: unused import: `std::ffi::c_void`
 --> emane-core/src/noise_recorder.rs:4:5
  |
4 | use std::ffi::c_void;
  |     ^^^^^^^^^^^^^^^^

warning: unused import: `std::collections::HashMap`
 --> emane-core/src/fading_manager.rs:1:5
  |
1 | use std::collections::HashMap;
  |     ^^^^^^^^^^^^^^^^^^^^^^^^^

warning: unused import: `BTreeMap`
 --> emane-core/src/spectrum_monitor.rs:2:42
  |
2 | use std::collections::{HashMap, HashSet, BTreeMap};
  |                                          ^^^^^^^^

warning: unused imports: `frequency_overlap_ratio` and `get_manager`
 --> emane-core/src/spectrum_monitor.rs:5:28
  |
5 | use crate::spectral_mask::{get_manager, frequency_overlap_ratio};
  |                            ^^^^^^^^^^^  ^^^^^^^^^^^^^^^^^^^^^^^

warning: unused import: `c_int`
 --> emane-core/src/receive_processor.rs:2:28
  |
2 | use std::os::raw::{c_void, c_int};
  |                            ^^^^^

warning: unused import: `EmaneGainResult`
 --> emane-core/src/receive_processor.rs:4:65
  |
4 | ...in_manager_determine_gain, EmaneGainResult};
  |                               ^^^^^^^^^^^^^^^

warning: unused import: `c_char`
 --> emane-core/src/common_layer_statistics.rs:3:28
  |
3 | use std::os::raw::{c_void, c_char};
  |                            ^^^^^^

warning: unused import: `std::collections::HashMap`
 --> emane-core/src/common_layer_statistics.rs:4:5
  |
4 | use std::collections::HashMap;
  |     ^^^^^^^^^^^^^^^^^^^^^^^^^

warning: unused import: `std::ffi::CStr`
 --> emane-core/src/nem_stateful_layer.rs:3:5
  |
3 | use std::ffi::CStr;
  |     ^^^^^^^^^^^^^^

warning: unnecessary `unsafe` block
   --> emane-core/src/control_port.rs:296:29
    |
296 | ...                   unsafe {
    |                       ^^^^^^ unnecessary `unsafe` block
    |
    = note: `#[warn(unused_unsafe)]` (part of `#[warn(unused)]`) on by default

warning: variable does not need to be mutable
   --> emane-core/src/events.rs:552:17
    |
552 |             let mut loc = emane_message::location_event::Location {
    |                 ----^^^
    |                 |
    |                 help: remove this `mut`
    |
    = note: `#[warn(unused_mut)]` (part of `#[warn(unused)]`) on by default

warning: unnecessary `unsafe` block
   --> emane-core/src/config.rs:189:21
    |
189 | ...   regex_ptr = unsafe { emane_rs_regex_compile(s_regex, regex_err.as...
    |                   ^^^^^^ unnecessary `unsafe` block

warning: unnecessary `unsafe` block
   --> emane-core/src/config.rs:250:21
    |
250 | ...   regex_ptr = unsafe { emane_rs_regex_compile(s_regex, regex_err.as...
    |                   ^^^^^^ unnecessary `unsafe` block

warning: unnecessary `unsafe` block
   --> emane-core/src/config.rs:533:35
    |
533 | ...   let matched = unsafe { emane_rs_regex_match(info.regex_ptr.0, c_s...
    |                     ^^^^^^ unnecessary `unsafe` block

warning: value assigned to `p_size` is never read
   --> emane-core/src/ota_manager.rs:502:13
    |
502 |             p_size -= take;
    |             ^^^^^^^^^^^^^^
    |
    = help: maybe it is overwritten before being read?
    = note: `#[warn(unused_assignments)]` (part of `#[warn(unused)]`) on by default

warning: unnecessary `unsafe` block
   --> emane-core/src/nem_manager.rs:213:9
    |
213 |         unsafe {
    |         ^^^^^^ unnecessary `unsafe` block

warning: unnecessary `unsafe` block
   --> emane-core/src/nem_manager.rs:229:5
    |
229 |     unsafe {
    |     ^^^^^^ unnecessary `unsafe` block

warning: unused variable: `ptr`
  --> emane-core/src/mac_layer.rs:65:48
   |
65 | ...ane_rs_mac_layer_configure(ptr: *mut MacLayer, update: *mut c_void) {
   |                               ^^^ help: if this is intentional, prefix it with an underscore: `_ptr`
   |
   = note: `#[warn(unused_variables)]` (part of `#[warn(unused)]`) on by default

warning: unused variable: `update`
  --> emane-core/src/mac_layer.rs:65:68
   |
65 | ...gure(ptr: *mut MacLayer, update: *mut c_void) {
   |                             ^^^^^^ help: if this is intentional, prefix it with an underscore: `_update`

warning: unnecessary `unsafe` block
  --> emane-core/src/nem_impl.rs:45:9
   |
45 |         unsafe {
   |         ^^^^^^ unnecessary `unsafe` block

warning: unnecessary `unsafe` block
  --> emane-core/src/nem_impl.rs:67:9
   |
67 |         unsafe {
   |         ^^^^^^ unnecessary `unsafe` block

warning: variable does not need to be mutable
  --> emane-core/src/spectrum_window_utils.rs:94:21
   |
94 |                 let mut vals = d_previous.clone();
   |                     ----^^^^
   |                     |
   |                     help: remove this `mut`

warning: value assigned to `pending_end` is never read
   --> emane-core/src/noise_recorder.rs:278:39
    |
278 |                 let mut pending_end = 0;
    |                                       ^ this value is reassigned later and never used
...
314 |                     pending_end = sub_band_bin_end;
    |                     ------------------------------ `pending_end` is overwritten here before the previous value is read

warning: value assigned to `remote_gain_dbi` is never read
   --> emane-core/src/gain_manager.rs:155:31
    |
155 |     let mut remote_gain_dbi = 0.0;
    |                               ^^^ this value is reassigned later and never used
...
186 |                 remote_gain_dbi = tx_gain + tx_blockage;
    |                 --------------------------------------- `remote_gain_dbi` is overwritten here before the previous value is read

warning: value assigned to `local_gain_dbi` is never read
   --> emane-core/src/gain_manager.rs:156:30
    |
156 |     let mut local_gain_dbi = 0.0;
    |                              ^^^ this value is reassigned later and never used
...
223 |                 local_gain_dbi = rx_gain + rx_blockage;
    |                 -------------------------------------- `local_gain_dbi` is overwritten here before the previous value is read

warning: unused variable: `ptr`
  --> emane-core/src/fading_manager.rs:46:59
   |
46 | ...ngmanager_update_selection(ptr: *mut FadingManager, nem_id: u16, mode...
   |                               ^^^ help: if this is intentional, prefix it with an underscore: `_ptr`

warning: unused variable: `nem_id`
  --> emane-core/src/fading_manager.rs:46:84
   |
46 | ...ptr: *mut FadingManager, nem_id: u16, model: u32) {
   |                             ^^^^^^ help: if this is intentional, prefix it with an underscore: `_nem_id`

warning: unused variable: `model`
  --> emane-core/src/fading_manager.rs:46:97
   |
46 | ...ingManager, nem_id: u16, model: u32) {
   |                             ^^^^^ help: if this is intentional, prefix it with an underscore: `_model`

warning: unused variable: `ptr`
  --> emane-core/src/fading_manager.rs:67:55
   |
67 | ...fadingmanager_create_store(ptr: *mut FadingManager) -> *mut FadingAlg...
   |                               ^^^ help: if this is intentional, prefix it with an underscore: `_ptr`

warning: variable `total_len` is assigned to, but never used
   --> emane-core/src/boundary_message_manager.rs:207:9
    |
207 |     let mut total_len = 0;
    |         ^^^^^^^^^^^^^
    |
    = note: consider using `_total_len` instead

warning: value assigned to `total_len` is never read
   --> emane-core/src/boundary_message_manager.rs:214:9
    |
214 |         total_len += iov_slice[i].iov_len;
    |         ^^^^^^^^^^^^^^^^^^^^^^^^^^^^^^^^^
    |
    = help: maybe it is overwritten before being read?

warning: unused variable: `now`
   --> emane-core/src/spectrum_monitor.rs:291:9
    |
291 |         now: i64,
    |         ^^^ help: if this is intentional, prefix it with an underscore: `_now`

warning: unused variable: `tx_time`
   --> emane-core/src/spectrum_monitor.rs:292:9
    |
292 |         tx_time: i64,
    |         ^^^^^^^ help: if this is intentional, prefix it with an underscore: `_tx_time`

warning: unused variable: `propagation_delay`
   --> emane-core/src/spectrum_monitor.rs:293:9
    |
293 |         propagation_delay: i64,
    |         ^^^^^^^^^^^^^^^^^ help: if this is intentional, prefix it with an underscore: `_propagation_delay`

warning: unused variable: `d_doppler_factor`
   --> emane-core/src/spectrum_monitor.rs:294:9
    |
294 |         d_doppler_factor: f64,
    |         ^^^^^^^^^^^^^^^^ help: if this is intentional, prefix it with an underscore: `_d_doppler_factor`

warning: unused variable: `segments`
   --> emane-core/src/spectrum_monitor.rs:295:9
    |
295 |         segments: &[FfiFrequencySegment],
    |         ^^^^^^^^ help: if this is intentional, prefix it with an underscore: `_segments`

warning: unused variable: `u64_segment_bandwidth_hz`
   --> emane-core/src/spectrum_monitor.rs:296:9
    |
296 |         u64_segment_bandwidth_hz: u64,
    |         ^^^^^^^^^^^^^^^^^^^^^^^^ help: if this is intentional, prefix it with an underscore: `_u64_segment_bandwidth_hz`

warning: unused variable: `rx_powers_milli_watt`
   --> emane-core/src/spectrum_monitor.rs:297:9
    |
297 |         rx_powers_milli_watt: &[f64],
    |         ^^^^^^^^^^^^^^^^^^^^ help: if this is intentional, prefix it with an underscore: `_rx_powers_milli_watt`

warning: unused variable: `b_in_band`
   --> emane-core/src/spectrum_monitor.rs:298:9
    |
298 |         b_in_band: bool,
    |         ^^^^^^^^^ help: if this is intentional, prefix it with an underscore: `_b_in_band`

warning: unused variable: `transmitters`
   --> emane-core/src/spectrum_monitor.rs:299:9
    |
299 |         transmitters: &[u16],
    |         ^^^^^^^^^^^^ help: if this is intentional, prefix it with an underscore: `_transmitters`

warning: unused variable: `u16_sub_id`
   --> emane-core/src/spectrum_monitor.rs:300:9
    |
300 |         u16_sub_id: u16,
    |         ^^^^^^^^^^ help: if this is intentional, prefix it with an underscore: `_u16_sub_id`

warning: unused variable: `tx_antenna_index`
   --> emane-core/src/spectrum_monitor.rs:301:9
    |
301 |         tx_antenna_index: u16,
    |         ^^^^^^^^^^^^^^^^ help: if this is intentional, prefix it with an underscore: `_tx_antenna_index`

warning: unused variable: `spectral_mask_index`
   --> emane-core/src/spectrum_monitor.rs:302:9
    |
302 |         spectral_mask_index: u16,
    |         ^^^^^^^^^^^^^^^^^^^ help: if this is intentional, prefix it with an underscore: `_spectral_mask_index`

warning: unused variable: `filter_data_ptr`
   --> emane-core/src/spectrum_monitor.rs:303:9
    |
303 |         filter_data_ptr: *const u8,
    |         ^^^^^^^^^^^^^^^ help: if this is intentional, prefix it with an underscore: `_filter_data_ptr`

warning: unused variable: `filter_data_len`
   --> emane-core/src/spectrum_monitor.rs:304:9
    |
304 |         filter_data_len: usize,
    |         ^^^^^^^^^^^^^^^ help: if this is intentional, prefix it with an underscore: `_filter_data_len`

warning: unnecessary `unsafe` block
   --> emane-core/src/receive_processor.rs:178:35
    |
178 | ...   let gain_result = unsafe { emane_rs_gain_manager_determine_gain(r...
    |                         ^^^^^^ unnecessary `unsafe` block

warning: unused variable: `optional_filter_data`
   --> emane-core/src/receive_processor.rs:329:5
    |
329 |     optional_filter_data: *const c_void,
    |     ^^^^^^^^^^^^^^^^^^^^ help: if this is intentional, prefix it with an underscore: `_optional_filter_data`

warning: unused variable: `result_ptr`
   --> emane-core/src/receive_processor.rs:330:5
    |
330 |     result_ptr: *mut c_void
    |     ^^^^^^^^^^ help: if this is intentional, prefix it with an underscore: `_result_ptr`

warning: field `name` is never read
  --> emane-core/src/statistics.rs:85:5
   |
84 | pub struct StatisticInfo {
   |            ------------- field in this struct
85 |     name: String,
   |     ^^^^
   |
   = note: `#[warn(dead_code)]` (part of `#[warn(unused)]`) on by default

warning: field `name` is never read
  --> emane-core/src/statistics.rs:93:5
   |
92 | pub struct StatisticTableInfo {
   |            ------------------ field in this struct
93 |     name: String,
   |     ^^^^

warning: function `is_clearable` is never used
   --> emane-core/src/statistics.rs:124:4
    |
124 | fn is_clearable(properties: u64) -> bool {
    |    ^^^^^^^^^^^^

warning: function `emane_c_log_debug` is never used
  --> emane-core/src/event_service.rs:11:8
   |
11 |     fn emane_c_log_debug(msg: *const c_char);
   |        ^^^^^^^^^^^^^^^^^

warning: field `nem_id` is never read
  --> emane-core/src/neighbor_metric_manager.rs:21:5
   |
20 | struct NeighborData {
   |        ------------ field in this struct
21 |     nem_id: u16,
   |     ^^^^^^
   |
   = note: `NeighborData` has a derived impl for the trait `Clone`, but this is intentionally ignored during dead code analysis

warning: fields `nem_id` and `last_neighbor_status_update_time` are never read
  --> emane-core/src/neighbor_metric_manager.rs:71:5
   |
70 | pub struct NeighborMetricManager {
   |            --------------------- fields in this struct
71 |     nem_id: u16,
   |     ^^^^^^
...
75 |     last_neighbor_status_update_time: Duration,
   |     ^^^^^^^^^^^^^^^^^^^^^^^^^^^^^^^^

warning: field `nem_id` is never read
  --> emane-core/src/queue_metric_manager.rs:38:5
   |
37 | pub struct QueueMetricManager {
   |            ------------------ field in this struct
38 |     nem_id: u16,
   |     ^^^^^^

warning: field `nem_id` is never read
  --> emane-core/src/rf_signal_table.rs:38:5
   |
37 | pub struct RFSignalTable {
   |            ------------- field in this struct
38 |     nem_id: u16,
   |     ^^^^^^

warning: field `id` is never read
 --> emane-core/src/tdma_mac.rs:6:5
  |
5 | pub struct TdmaMac {
  |            ------- field in this struct
6 |     id: u16,
  |     ^^

warning: function `emane_c_mac_plugin_configure` is never used
  --> emane-core/src/mac_layer.rs:18:8
   |
18 |     fn emane_c_mac_plugin_configure(plugin: *mut c_void, update: *mut c_...
   |        ^^^^^^^^^^^^^^^^^^^^^^^^^^^^

warning: field `id` is never read
  --> emane-core/src/nem_impl.rs:12:5
   |
11 | pub struct NemImpl {
   |            ------- field in this struct
12 |     id: u16,
   |     ^^

warning: field `nem_id` is never read
  --> emane-core/src/location_manager.rs:10:5
   |
 9 | pub struct LocationManagerImpl {
   |            ------------------- field in this struct
10 |     nem_id: u16,
   |     ^^^^^^

warning: field `nem_id` is never read
  --> emane-core/src/fading_manager.rs:13:5
   |
12 | pub struct FadingManager {
   |            ------------- field in this struct
13 |     nem_id: u16,
   |     ^^^^^^

warning: field `id` is never read
  --> emane-core/src/boundary_message_manager.rs:14:5
   |
13 | pub struct BoundaryMessageManagerState {
   |            --------------------------- field in this struct
14 |     id: u16,
   |     ^^

warning: fields `transmitter_spectral_mask_cache` and `filter_transmitter_spectral_mask_cache` are never read
   --> emane-core/src/spectrum_monitor.rs:97:5
    |
 87 | pub struct SpectrumMonitor {
    |            --------------- fields in this struct
...
 97 |     transmitter_spectral_mask_cache: HashMap<u64, (HashMap<u64, Vec<Noi...
    |     ^^^^^^^^^^^^^^^^^^^^^^^^^^^^^^^
...
109 |     filter_transmitter_spectral_mask_cache: HashMap<u64, (HashMap<u64, ...
    |     ^^^^^^^^^^^^^^^^^^^^^^^^^^^^^^^^^^^^^^

warning: function `doppler_shift` is never used
   --> emane-core/src/spectrum_monitor.rs:112:4
    |
112 | fn doppler_shift(freq: u64, doppler_factor: f64) -> i64 {
    |    ^^^^^^^^^^^^^

warning: function `emane_rs_filter_match` is never used
  --> emane-core/src/spectrum_monitor.rs:56:8
   |
56 |     fn emane_rs_filter_match(
   |        ^^^^^^^^^^^^^^^^^^^^^

warning: function `emane_c_location_infos_size` is never used
  --> emane-core/src/receive_processor.rs:40:8
   |
40 |     fn emane_c_location_infos_size(vec_ptr: *const c_void) -> usize;
   |        ^^^^^^^^^^^^^^^^^^^^^^^^^^^

warning: function `emane_c_fading_infos_size` is never used
  --> emane-core/src/receive_processor.rs:43:8
   |
43 |     fn emane_c_fading_infos_size(vec_ptr: *const c_void) -> usize;
   |        ^^^^^^^^^^^^^^^^^^^^^^^^^

warning: `extern` block uses type `[u64; 4]`, which is not FFI-safe
   --> /home/joe/src/sleepybishop/emane/rust/target/debug/build/emane-core-c3219bf29e4a4789/out/bindings.rs:567:80
    |
567 | ..., bWithPort: bool) -> std_string;
    |                          ^^^^^^^^^^ not FFI-safe
    |
    = help: consider passing a pointer to the array
    = note: passing raw arrays by value is not FFI-safe
    = note: `#[warn(improper_ctypes)]` on by default

warning: `extern` block uses type `[u64; 4]`, which is not FFI-safe
   --> /home/joe/src/sleepybishop/emane/rust/target/debug/build/emane-core-c3219bf29e4a4789/out/bindings.rs:886:58
    |
886 |     pub fn EMANE_Any_asString(this: *const EMANE_Any) -> std_string;
    |                                                          ^^^^^^^^^^ not FFI-safe
    |
    = help: consider passing a pointer to the array
    = note: passing raw arrays by value is not FFI-safe

warning: `extern` block uses type `[u64; 4]`, which is not FFI-safe
   --> /home/joe/src/sleepybishop/emane/rust/target/debug/build/emane-core-c3219bf29e4a4789/out/bindings.rs:896:58
    |
896 |     pub fn EMANE_Any_toString(this: *const EMANE_Any) -> std_string;
    |                                                          ^^^^^^^^^^ not FFI-safe
    |
    = help: consider passing a pointer to the array
    = note: passing raw arrays by value is not FFI-safe

warning: `extern` block uses type `[u64; 4]`, which is not FFI-safe
   --> /home/joe/src/sleepybishop/emane/rust/target/debug/build/emane-core-c3219bf29e4a4789/out/bindings.rs:901:37
    |
901 |     pub fn EMANE_Any_create(sValue: std_string, type_: EMANE_Any_Type) ...
    |                                     ^^^^^^^^^^ not FFI-safe
    |
    = help: consider passing a pointer to the array
    = note: passing raw arrays by value is not FFI-safe

warning: `extern` block uses type `[u64; 4]`, which is not FFI-safe
    --> /home/joe/src/sleepybishop/emane/rust/target/debug/build/emane-core-c3219bf29e4a4789/out/bindings.rs:1195:67
     |
1195 | ...st EMANE_Any_Type) -> std_string;
     |                          ^^^^^^^^^^ not FFI-safe
     |
     = help: consider passing a pointer to the array
     = note: passing raw arrays by value is not FFI-safe

warning: `extern` block uses type `[u64; 3]`, which is not FFI-safe
    --> /home/joe/src/sleepybishop/emane/rust/target/debug/build/emane-core-c3219bf29e4a4789/out/bindings.rs:2990:80
     |
2990 | ...CommonPHYHeader) -> EMANE_Strings;
     |                        ^^^^^^^^^^^^^ not FFI-safe
     |
     = help: consider passing a pointer to the array
     = note: passing raw arrays by value is not FFI-safe

warning: unused return value of `Box::<T>::from_raw` that must be used
   --> emane-core/src/neighbor_metric_manager.rs:320:18
    |
320 |         unsafe { Box::from_raw(ptr); }
    |                  ^^^^^^^^^^^^^^^^^^
    |
    = note: call `drop(Box::from_raw(ptr))` if you intend to drop the `Box`
    = note: `#[warn(unused_must_use)]` (part of `#[warn(unused)]`) on by default
help: use `let _ = ...` to ignore the resulting value
    |
320 |         unsafe { let _ = Box::from_raw(ptr); }
    |                  +++++++

warning: unused return value of `Box::<T>::from_raw` that must be used
   --> emane-core/src/queue_metric_manager.rs:123:18
    |
123 |         unsafe { Box::from_raw(ptr); }
    |                  ^^^^^^^^^^^^^^^^^^
    |
    = note: call `drop(Box::from_raw(ptr))` if you intend to drop the `Box`
help: use `let _ = ...` to ignore the resulting value
    |
123 |         unsafe { let _ = Box::from_raw(ptr); }
    |                  +++++++

warning: creating a shared reference to mutable static
   --> emane-core/src/spectral_mask.rs:257:12
    |
257 |         if MANAGER.is_none() {
    |            ^^^^^^^^^^^^^^^^^ shared reference to mutable static
    |
    = note: shared references to mutable statics are dangerous; it's undefined behavior if the static is mutated or if a mutable reference is created for it while the shared reference lives
    = note: for more information, see <https://doc.rust-lang.org/edition-guide/rust-2024/static-mut-references.html>
    = note: `#[warn(static_mut_refs)]` (part of `#[warn(rust_2024_compatibility)]`) on by default

warning: creating a mutable reference to mutable static
   --> emane-core/src/spectral_mask.rs:260:9
    |
260 |         MANAGER.as_mut().unwrap()
    |         ^^^^^^^^^^^^^^^^ mutable reference to mutable static
    |
    = note: mutable references to mutable statics are dangerous; it's undefined behavior if any other pointer to the static is used or if any other reference is created for the static while the mutable reference lives
    = note: for more information, see <https://doc.rust-lang.org/edition-guide/rust-2024/static-mut-references.html>

warning: creating a shared reference to mutable static
   --> emane-core/src/antenna.rs:191:12
    |
191 |         if MANAGER.is_none() {
    |            ^^^^^^^^^^^^^^^^^ shared reference to mutable static
    |
    = note: shared references to mutable statics are dangerous; it's undefined behavior if the static is mutated or if a mutable reference is created for it while the shared reference lives
    = note: for more information, see <https://doc.rust-lang.org/edition-guide/rust-2024/static-mut-references.html>

warning: creating a mutable reference to mutable static
   --> emane-core/src/antenna.rs:194:9
    |
194 |         MANAGER.as_mut().unwrap()
    |         ^^^^^^^^^^^^^^^^ mutable reference to mutable static
    |
    = note: mutable references to mutable statics are dangerous; it's undefined behavior if any other pointer to the static is used or if any other reference is created for the static while the mutable reference lives
    = note: for more information, see <https://doc.rust-lang.org/edition-guide/rust-2024/static-mut-references.html>

warning: `emane-core` (lib) generated 91 warnings (run `cargo fix --lib -p emane-core` to apply 45 suggestions)
    Finished `dev` profile [unoptimized + debuginfo] target(s) in 0.04s
